<html>
<body>
<pre>
<h1>µVision Build Log</h1>
<h2>Tool Versions:</h2>
IDE-Version: µVision V5.26.2.0
Copyright (C) 2018 ARM Ltd and ARM Germany GmbH. All rights reserved.
License Information: Cibi Chakkaravarthi, Azetech Solution, LIC=----
 
Tool Versions:
Toolchain:       MDK-Lite  Version: 5.26.2.0
Toolchain Path:  C:\Keil_v5\ARM\ARMCC\Bin
C Compiler:      Armcc.exe V5.06 update 6 (build 750)
Assembler:       Armasm.exe V5.06 update 6 (build 750)
Linker/Locator:  ArmLink.exe V5.06 update 6 (build 750)
Library Manager: ArmAr.exe V5.06 update 6 (build 750)
Hex Converter:   FromElf.exe V5.06 update 6 (build 750)
CPU DLL:         SARMCM3.DLL V5.26.2.0
Dialog DLL:      DARMSTM.DLL V1.68.0.0
Target DLL:      STLink\ST-LINKIII-KEIL_SWO.dll V3.0.5.0
Dialog DLL:      TARMSTM.DLL V1.66.0.0
 
<h2>Project:</h2>
C:\Users\user.user-PC\Desktop\cubemx_code\keil-peripheral_drivers\RTC-BareCode\RTC.uvprojx
Project File Date:  02/04/2021

<h2>Output:</h2>
*** Using Compiler 'V5.06 update 6 (build 750)', folder: 'C:\Keil_v5\ARM\ARMCC\Bin'
Rebuild target 'Target 1'
assembling startup_stm32f10x_md.s...
compiling system_stm32f10x.c...
compiling main.c...
main.c(40): warning:  #1295-D: Deprecated declaration Make_Time - give arg types
  void Make_Time();	
main.c(42): warning:  #1295-D: Deprecated declaration Break_Time - give arg types
  RTC_Handle*Break_Time();
main.c(46): warning:  #1295-D: Deprecated declaration rtc_get_time - give arg types
  RTC_Handle* rtc_get_time();
main.c(50): warning:  #1295-D: Deprecated declaration gpio_init - give arg types
  void gpio_init();
main.c(52): warning:  #1295-D: Deprecated declaration uart_init - give arg types
  void uart_init();
main.c(60): warning:  #1295-D: Deprecated declaration rtc_init - give arg types
  void rtc_init();
main.c(62): warning:  #1295-D: Deprecated declaration Wait_Finished - give arg types
  void Wait_Finished();
main.c(64): warning:  #1295-D: Deprecated declaration Clear_Sync - give arg types
  void Clear_Sync();
main.c(66): warning:  #1295-D: Deprecated declaration Wait_Sync - give arg types
  void Wait_Sync();
main.c(93): warning:  #223-D: function "sprintf" declared implicitly
  			sprintf((char*)show,(const char*)" Date: %02d-%02d-%02d ",GetTime1->Day,GetTime1->Month,GetTime1->Year);	
main.c(111): warning:  #111-D: statement is unreachable
  	return 0;
main.c(87): warning:  #177-D: variable "count"  was declared but never referenced
  	static unsigned char count=0;
main.c(404): warning:  #177-D: variable "day_elapsed"  was declared but never referenced
  	unsigned long int hour=0,day_elapsed=0,loop=0;
main.c(404): warning:  #177-D: variable "loop"  was declared but never referenced
  	unsigned long int hour=0,day_elapsed=0,loop=0;
main.c(21): warning:  #177-D: variable "Month_Days"  was declared but never referenced
  static unsigned char Month_Days[]=	{31, 28, 31, 30, 31, 30, 31, 31, 30, 31, 30, 31};
main.c: 15 warnings, 0 errors
linking...
Program Size: Code=3074 RO-data=286 RW-data=44 ZI-data=1732  
FromELF: creating hex file...
".\Objects\RTC.axf" - 0 Error(s), 15 Warning(s).

<h2>Software Packages used:</h2>

Package Vendor: ARM
                http://www.keil.com/pack/ARM.CMSIS.5.5.1.pack
                ARM.CMSIS.5.5.1
                CMSIS (Cortex Microcontroller Software Interface Standard)
   * Component: CORE Version: 5.2.0

Package Vendor: Keil
                http://www.keil.com/pack/Keil.STM32F1xx_DFP.2.3.0.pack
                Keil.STM32F1xx_DFP.2.3.0
                STMicroelectronics STM32F1 Series Device Support, Drivers and Examples
   * Component: Startup Version: 1.0.0

<h2>Collection of Component include folders:</h2>
  .\RTE\Device\STM32F103C8
  .\RTE\_Target_1
  C:\Keil_v5\ARM\PACK\ARM\CMSIS\5.5.1\CMSIS\Core\Include
  C:\Keil_v5\ARM\PACK\Keil\STM32F1xx_DFP\2.3.0\Device\Include

<h2>Collection of Component Files used:</h2>

   * Component: ARM::CMSIS:CORE:5.2.0

   * Component: Keil::Device:Startup:1.0.0
      Include file:  RTE_Driver\Config\RTE_Device.h
      Source file:   Device\Source\ARM\STM32F1xx_OPT.s
      Source file:   Device\Source\system_stm32f10x.c
      Source file:   Device\Source\ARM\startup_stm32f10x_md.s
Build Time Elapsed:  00:00:02
</pre>
</body>
</html>
